{
  "jsonMessage": "Hello Json Cs+",
  "nested1.nested2": "Nested12 Cs+"
}