{
  "jsonMessage": "Hello Json En+",
  "nested1.nested2": "Nested12 En+"
}