<?php

declare (strict_types=1);
namespace Wavevision\NamespaceTranslatorTests\App\Models\Translated\Translations;

class PrefixedEn extends Translation
{
    /**
     * @return array<mixed>
     */
    public static function define() : array
    {
        return array('test' => 'eng123');
    }
}